[app.webadb.com/index.html]
[app.webadb.com/manifest.json]
[backblue.gif]
[fade.gif]
[index.html]
[app.webadb.com/_next/static/chunks/polyfills-5cd94c89d3acac5f.js]
[app.webadb.com/_next/static/chunks/webpack-cd0f7d7b3d726642.js]
[app.webadb.com/_next/static/chunks/framework-500670efea5c10da.js]
[app.webadb.com/_next/static/chunks/main-176c8eacbd362474.js]
[app.webadb.com/_next/static/chunks/pages/_app-939ec8f2685eb67d.js]
[app.webadb.com/_next/static/chunks/pages/index-a0df8cf7d45402dc.js]
[app.webadb.com/_next/static/NA1W09wxLvg04zf2Ol_GT/_buildManifest.js]
[app.webadb.com/_next/static/NA1W09wxLvg04zf2Ol_GT/_ssgManifest.js]
[app.webadb.com/_next/static/NA1W09wxLvg04zf2Ol_GT/_middlewareManifest.js]
[app.webadb.com/device-info.html]
[app.webadb.com/file-manager.html]
[app.webadb.com/framebuffer.html]
[app.webadb.com/shell.html]
[app.webadb.com/scrcpy.html]
[app.webadb.com/tcpip.html]
[app.webadb.com/install.html]
[app.webadb.com/logcat.html]
[app.webadb.com/power.html]
[app.webadb.com/bug-report.html]
[app.webadb.com/index.html]
[app.webadb.com/_next/static/css/b6853f0190ea9f57.css]
[app.webadb.com/packet-log.html]
[app.webadb.com/device-info.html]
[app.webadb.com/_next/static/chunks/pages/device-info-24c4bb517e2c22ce.js]
[app.webadb.com/_next/static/chunks/369-e68798675b80cd47.js]
[app.webadb.com/file-manager.html]
[app.webadb.com/_next/static/chunks/pages/file-manager-7621549a4b564621.js]
[app.webadb.com/_next/static/chunks/pages/framebuffer-b6a9534b640dc722.js]
[app.webadb.com/framebuffer.html]
[app.webadb.com/_next/static/css/6b2037f33ca6a538.css]
[app.webadb.com/_next/static/chunks/15c8eed3-b669a06fb880d027.js]
[app.webadb.com/_next/static/chunks/957-ffba5b07365b7718.js]
[app.webadb.com/shell.html]
[app.webadb.com/_next/static/chunks/pages/shell-d9775b1c1621dee7.js]
[app.webadb.com/_next/static/chunks/133-cc39425a3e3030f8.js]
[app.webadb.com/scrcpy.html]
[app.webadb.com/_next/static/chunks/pages/scrcpy-db7f58af2f206d13.js]
[app.webadb.com/tcpip.html]
[app.webadb.com/_next/static/chunks/pages/tcpip-8bf10b2a3af5bf6f.js]
[app.webadb.com/_next/static/chunks/pages/install-e9264ee16d5eb475.js]
[app.webadb.com/install.html]
[app.webadb.com/_next/static/chunks/pages/logcat-bdc3e0255f6823ff.js]
[app.webadb.com/logcat.html]
[app.webadb.com/power.html]
[app.webadb.com/_next/static/chunks/pages/power-916c76d4ba83ba18.js]
[app.webadb.com/bug-report.html]
[app.webadb.com/_next/static/chunks/pages/bug-report-c4b58b8cbc2ccee4.js]
[app.webadb.com/packet-log.html]
[app.webadb.com/_next/static/css/6b2037f33ca6a538.css]
[app.webadb.com/_next/static/chunks/pages/packet-log-16cc6d5c41414c3d.js]
